<html>
<body>
<pre>
<h1>µVision Build Log</h1>
<h2>Tool Versions:</h2>
IDE-Version: µVision V5.24.2.0
Copyright (C) 2017 ARM Ltd and ARM Germany GmbH. All rights reserved.
License Information: 1 ---, HCI NSU, LIC=----
 
Tool Versions:
Toolchain:       MDK-Lite  Version: 5.24.1
Toolchain Path:  C:\Keil_v5\ARM\ARMCC\Bin
C Compiler:      Armcc.exe V5.06 update 5 (build 528)
Assembler:       Armasm.exe V5.06 update 5 (build 528)
Linker/Locator:  ArmLink.exe V5.06 update 5 (build 528)
Library Manager: ArmAr.exe V5.06 update 5 (build 528)
Hex Converter:   FromElf.exe V5.06 update 5 (build 528)
CPU DLL:         SARMCM3.DLL V5.24.1
Dialog DLL:      DCM.DLL V1.16.0.0
Target DLL:      STLink\ST-LINKIII-KEIL_SWO.dll V3.0.1.0
Dialog DLL:      TCM.DLL V1.32.0.0
 
<h2>Project:</h2>
C:\Personal\801c2\Vers.2\LCD_SPI_IT\MDK-ARM\Axel_Angle.uvprojx
Project File Date:  03/02/2021

<h2>Output:</h2>
*** Using Compiler 'V5.06 update 5 (build 528)', folder: 'C:\Keil_v5\ARM\ARMCC\Bin'
Build target 'Axel_Angle'
compiling main.c...
../Core/Src/TIM_Callback.c(5): warning:  #47-D: incompatible redefinition of macro "Out_XL"  (declared at line 6 of "../Core/Src/SPI_Callback.c")
  #define Out_XL				0xA800
../Core/Src/TIM_Callback.c(6): warning:  #47-D: incompatible redefinition of macro "Out_XH"  (declared at line 7 of "../Core/Src/SPI_Callback.c")
  #define Out_XH				0xA900
../Core/Src/TIM_Callback.c(7): warning:  #47-D: incompatible redefinition of macro "Out_YL"  (declared at line 8 of "../Core/Src/SPI_Callback.c")
  #define Out_YL				0xAA00
../Core/Src/TIM_Callback.c(8): warning:  #47-D: incompatible redefinition of macro "Out_YH"  (declared at line 9 of "../Core/Src/SPI_Callback.c")
  #define Out_YH				0xAB00
../Core/Src/main.c(41): warning:  #47-D: incompatible redefinition of macro "Out_XL"  (declared at line 5 of "../Core/Src/TIM_Callback.c")
  #define Out_XL				0x28
../Core/Src/main.c(42): warning:  #47-D: incompatible redefinition of macro "Out_XH"  (declared at line 6 of "../Core/Src/TIM_Callback.c")
  #define Out_XH				0x29
../Core/Src/main.c(43): warning:  #47-D: incompatible redefinition of macro "Out_YL"  (declared at line 7 of "../Core/Src/TIM_Callback.c")
  #define Out_YL				0x2A
../Core/Src/main.c(44): warning:  #47-D: incompatible redefinition of macro "Out_YH"  (declared at line 8 of "../Core/Src/TIM_Callback.c")
  #define Out_YH				0x2B
../Core/Src/main.c: 8 warnings, 0 errors
linking...
Program Size: Code=11792 RO-data=448 RW-data=52 ZI-data=1220  
FromELF: creating hex file...
"Axel_Angle\Axel_Angle.axf" - 0 Error(s), 8 Warning(s).

<h2>Software Packages used:</h2>

Package Vendor: ARM
                http://www.keil.com/pack/ARM.CMSIS.5.0.1.pack
                ARM.CMSIS.5.0.1
                CMSIS (Cortex Microcontroller Software Interface Standard)
   * Component: CORE Version: 5.0.1

Package Vendor: Keil
                http://www.keil.com/pack/Keil.STM32F4xx_DFP.2.11.0.pack
                Keil.STM32F4xx_DFP.2.11.0
                STMicroelectronics STM32F4 Series Device Support, Drivers and Examples

<h2>Collection of Component include folders:</h2>
  .\RTE\_Axel_Angle
  C:\Keil_v5\ARM\PACK\ARM\CMSIS\5.0.1\CMSIS\Include
  C:\Keil_v5\ARM\PACK\Keil\STM32F4xx_DFP\2.11.0\Drivers\CMSIS\Device\ST\STM32F4xx\Include

<h2>Collection of Component Files used:</h2>

   * Component: ARM::CMSIS:CORE:5.0.1
Build Time Elapsed:  00:00:03
</pre>
</body>
</html>
